HOLDOUT 9237391 0 0.0 1.1534852794111603e-09 23.008075405
HOLDOUT 9237391 1 3.0 2.2750536609329814e-08 21.45189966099997
HOLDOUT 9237391 2 6.0 4.4891615248423877e-07 21.162361109000017
HOLDOUT 9237391 3 0.026216419290193506 1.1839350240414304e-09 21.52308355799994
HOLDOUT 9237391 4 0.6096979379249728 2.1143583953994824e-09 21.69129525699998
HOLDOUT 9237391 5 1.2747375089427313 4.094883745925225e-09 21.523071002999927
HOLDOUT 9237391 6 2.1422145617609987 9.698407790417281e-09 21.387288506000004
HOLDOUT 9237391 7 2.6671386299431297 1.6341778600795398e-08 21.102348483000014
HOLDOUT 9237392 0 0.0 1.2976157966141823e-09 23.92305120800006
HOLDOUT 9237392 1 3.0 2.5639422478703507e-08 21.39028975000008
HOLDOUT 9237392 2 6.0 5.06857337674115e-07 21.70069958800002
HOLDOUT 9237392 3 2.382623894951907 1.3875005451552712e-08 21.18461666500002
HOLDOUT 9237392 4 2.911641106233329 2.348232740877657e-08 21.55700587800004
HOLDOUT 9237392 5 3.6642719177018788 4.964208708260454e-08 21.001890038000056
HOLDOUT 9237392 6 3.997416996939195 6.914500418665909e-08 21.168200369000033
HOLDOUT 9237392 7 5.405980689228527 2.80709181725173e-07 21.129461839999976
PHYS 0 8 {'full_local_L2': 1.9714502244320195e-12, 'sampled_max': 1.1618888282355743e-09, 'component_L2': [2.45449506505599e-13, 2.267405718548207e-15, 1.9561097581783405e-12], 'local_energy': 6.700490043721639e-07, 'local_velocity_L2': 0.0011576260228348047, 'divergence_max': 8.673617379884035e-19}
PHYS 0 12 {'full_local_L2': 1.5396520285588414e-12, 'sampled_max': 1.225829897729625e-09, 'component_L2': [2.649526742763363e-13, 2.936028314615365e-15, 1.516680529701924e-12], 'local_energy': 6.70049024770336e-07, 'local_velocity_L2': 0.001157626040455497, 'divergence_max': 8.673617379884035e-19}
PHYS 0 18 {'full_local_L2': 1.52949393236095e-12, 'sampled_max': 1.2529787245286675e-09, 'component_L2': [2.68849579569234e-13, 2.9436870498737886e-15, 1.5056769000688563e-12], 'local_energy': 6.700490247710007e-07, 'local_velocity_L2': 0.0011576260404560711, 'divergence_max': 8.673617379884035e-19}
PHYS 3 8 {'full_local_L2': 8.240229676983135e-12, 'sampled_max': 2.2942590320589458e-08, 'component_L2': [1.0260066132249663e-12, 9.721897787506547e-15, 8.176099378294986e-12], 'local_energy': 2.440818515178038e-07, 'local_velocity_L2': 0.0006986871281450715, 'divergence_max': 6.938893903907228e-18}
PHYS 3 12 {'full_local_L2': 6.44122945631421e-12, 'sampled_max': 2.422686702732229e-08, 'component_L2': [1.1004942370868915e-12, 1.2442019975898243e-14, 6.3465104222058384e-12], 'local_energy': 2.4408185895952323e-07, 'local_velocity_L2': 0.0006986871387960755, 'divergence_max': 6.938893903907228e-18}
PHYS 3 18 {'full_local_L2': 6.3983016489770495e-12, 'sampled_max': 2.4830419877361646e-08, 'component_L2': [1.1166910395550355e-12, 1.24748559705521e-14, 6.300088054261498e-12], 'local_energy': 2.4408185895976574e-07, 'local_velocity_L2': 0.0006986871387964226, 'divergence_max': 6.938893903907228e-18}
PHYS 6 8 {'full_local_L2': 3.446072403340374e-11, 'sampled_max': 4.532396552800666e-07, 'component_L2': [4.291895535056739e-12, 4.16868237804055e-14, 3.4192387980825394e-11], 'local_energy': 8.891519750991656e-08, 'local_velocity_L2': 0.0004216994131129816, 'divergence_max': 5.551115123125783e-17}
PHYS 6 12 {'full_local_L2': 2.6963026775158495e-11, 'sampled_max': 4.790528463265696e-07, 'component_L2': [4.574184616487358e-12, 5.2735941169868053e-14, 2.6572144567059567e-11], 'local_energy': 8.891520022481559e-08, 'local_velocity_L2': 0.0004216994195509773, 'divergence_max': 5.551115123125783e-17}
PHYS 6 18 {'full_local_L2': 2.6781494531839823e-11, 'sampled_max': 4.9234310271995e-07, 'component_L2': [4.64154175390697e-12, 5.287672378066489e-14, 2.6376158620196897e-11], 'local_energy': 8.891520022490405e-08, 'local_velocity_L2': 0.0004216994195511871, 'divergence_max': 5.551115123125783e-17}
FD 0.4 space 0.004 5.846360807711736e-09
FD 0.4 space 0.002 4.165400532551476e-10
FD 0.4 space 0.001 4.944278357978674e-10
FD 0.4 time 0.004 8.254440018432199e-10
FD 0.4 time 0.002 5.148695268057658e-10
FD 0.4 time 0.001 4.956404197782558e-10
FD 2.7 space 0.004 6.265920830978333e-08
FD 2.7 space 0.002 3.44785612931877e-09
FD 2.7 space 0.001 5.1976559094661846e-09
FD 2.7 time 0.004 6.677162204681888e-09
FD 2.7 time 0.002 4.974477224014267e-09
FD 2.7 time 0.001 5.184513476917489e-09
FD 5.5 space 0.004 1.137192989241966e-06
FD 5.5 space 0.002 8.86412742561582e-08
FD 5.5 space 0.001 7.868131553958407e-08
FD 5.5 time 0.004 7.313534362465198e-08
FD 5.5 time 0.002 7.456872786795821e-08
FD 5.5 time 0.001 7.844312029319371e-08
ALL AUDITS COMPLETE
