V HOLDOUT 9237395 0 0.0 1.2374792972446299e-09 {'radial_inflow': 1.0, 'positive_swirl': 1.0, 'bipolar_outflow': 1.0, 'inward_radial_pressure': 1.0, 'pressure_toward_midplane': 1.0}
V HOLDOUT 9237395 1 3.0 2.4540056732482483e-08 {'radial_inflow': 1.0, 'positive_swirl': 1.0, 'bipolar_outflow': 1.0, 'inward_radial_pressure': 1.0, 'pressure_toward_midplane': 1.0}
V HOLDOUT 9237395 2 6.0 4.869245701385685e-07 {'radial_inflow': 1.0, 'positive_swirl': 1.0, 'bipolar_outflow': 1.0, 'inward_radial_pressure': 1.0, 'pressure_toward_midplane': 1.0}
V HOLDOUT 9237395 3 0.4164862664009591 1.8734015416326527e-09 {'radial_inflow': 1.0, 'positive_swirl': 1.0, 'bipolar_outflow': 1.0, 'inward_radial_pressure': 1.0, 'pressure_toward_midplane': 1.0}
V HOLDOUT 9237395 4 1.5730587079003828 5.9261116987974395e-09 {'radial_inflow': 1.0, 'positive_swirl': 1.0, 'bipolar_outflow': 1.0, 'inward_radial_pressure': 1.0, 'pressure_toward_midplane': 1.0}
V HOLDOUT 9237395 5 1.7448411109661974 7.031647799285645e-09 {'radial_inflow': 1.0, 'positive_swirl': 1.0, 'bipolar_outflow': 1.0, 'inward_radial_pressure': 1.0, 'pressure_toward_midplane': 1.0}
V HOLDOUT 9237395 6 3.2003805940537533 2.9959746978565216e-08 {'radial_inflow': 1.0, 'positive_swirl': 1.0, 'bipolar_outflow': 1.0, 'inward_radial_pressure': 1.0, 'pressure_toward_midplane': 1.0}
V HOLDOUT 9237395 7 3.330042966800679 3.4089160733896265e-08 {'radial_inflow': 1.0, 'positive_swirl': 1.0, 'bipolar_outflow': 1.0, 'inward_radial_pressure': 1.0, 'pressure_toward_midplane': 1.0}
V HOLDOUT 9237396 0 0.0 1.2109616827830644e-09 {'radial_inflow': 1.0, 'positive_swirl': 1.0, 'bipolar_outflow': 1.0, 'inward_radial_pressure': 1.0, 'pressure_toward_midplane': 1.0}
V HOLDOUT 9237396 1 3.0 2.390963654952134e-08 {'radial_inflow': 1.0, 'positive_swirl': 1.0, 'bipolar_outflow': 1.0, 'inward_radial_pressure': 1.0, 'pressure_toward_midplane': 1.0}
V HOLDOUT 9237396 2 6.0 4.7230327800985914e-07 {'radial_inflow': 1.0, 'positive_swirl': 1.0, 'bipolar_outflow': 1.0, 'inward_radial_pressure': 1.0, 'pressure_toward_midplane': 1.0}
V HOLDOUT 9237396 3 1.8600616762425537 7.696749626737375e-09 {'radial_inflow': 1.0, 'positive_swirl': 1.0, 'bipolar_outflow': 1.0, 'inward_radial_pressure': 1.0, 'pressure_toward_midplane': 1.0}
V HOLDOUT 9237396 4 3.4536296974279788 3.75382904596926e-08 {'radial_inflow': 1.0, 'positive_swirl': 1.0, 'bipolar_outflow': 1.0, 'inward_radial_pressure': 1.0, 'pressure_toward_midplane': 1.0}
V HOLDOUT 9237396 5 4.141459818142005 7.439184005688915e-08 {'radial_inflow': 1.0, 'positive_swirl': 1.0, 'bipolar_outflow': 1.0, 'inward_radial_pressure': 1.0, 'pressure_toward_midplane': 1.0}
V HOLDOUT 9237396 6 4.2976918282867755 8.689568518681085e-08 {'radial_inflow': 1.0, 'positive_swirl': 1.0, 'bipolar_outflow': 1.0, 'inward_radial_pressure': 1.0, 'pressure_toward_midplane': 1.0}
V HOLDOUT 9237396 7 5.519877433449984 2.929883934539605e-07 {'radial_inflow': 1.0, 'positive_swirl': 1.0, 'bipolar_outflow': 1.0, 'inward_radial_pressure': 1.0, 'pressure_toward_midplane': 1.0}
V PHYS 0 8 {'id': 'ST073-V', 'k': 0, 'quadrature_order': 8, 'points': 64, 'volume': 4.4618529494762664e-05, 'scope': 'Same local physical region and same axis traces; no global energy normalization', 'full': {'L2': 1.929089979386817e-12, 'max': 1.1398576793184923e-09, 'energy': 7.636675115570154e-07, 'energy_effective_volume': 3.2731803412826205e-05, 'enstrophy_effective_volume': 4.330017313858647e-05}, 'leading-only same-axis': {'L2': 0.009531514612492787, 'max': 1.8113388597388065, 'energy': 7.38651288217691e-07, 'energy_effective_volume': 3.281802284882918e-05, 'enstrophy_effective_volume': 4.3344589554153906e-05}}
V PHYS 0 12 {'id': 'ST073-V', 'k': 0, 'quadrature_order': 12, 'points': 144, 'volume': 4.46185305145873e-05, 'scope': 'Same local physical region and same axis traces; no global energy normalization', 'full': {'L2': 1.5076947790436808e-12, 'max': 1.204063906342807e-09, 'energy': 7.63667532257687e-07, 'energy_effective_volume': 3.273180485276604e-05, 'enstrophy_effective_volume': 4.330017315344462e-05}, 'leading-only same-axis': {'L2': 0.009531514611991488, 'max': 1.8242527027853503, 'energy': 7.386513091821751e-07, 'energy_effective_volume': 3.281802433729738e-05, 'enstrophy_effective_volume': 4.334458957055858e-05}}
V PHYS 0 18 {'id': 'ST073-V', 'k': 0, 'quadrature_order': 18, 'points': 324, 'volume': 4.461853051463432e-05, 'scope': 'Same local physical region and same axis traces; no global energy normalization', 'full': {'L2': 1.4974427184203492e-12, 'max': 1.2220610161433604e-09, 'energy': 7.636675322583614e-07, 'energy_effective_volume': 3.273180485281708e-05, 'enstrophy_effective_volume': 4.330017315344491e-05}, 'leading-only same-axis': {'L2': 0.009531514611991474, 'max': 1.826340697066985, 'energy': 7.386513091828591e-07, 'energy_effective_volume': 3.2818024337350565e-05, 'enstrophy_effective_volume': 4.334458957055891e-05}}
V PHYS 3 8 {'id': 'ST073-V', 'k': 3, 'quadrature_order': 8, 'points': 64, 'volume': 1.9924880366212794e-06, 'scope': 'Same local physical region and same axis traces; no global energy normalization', 'full': {'L2': 8.058295744530216e-12, 'max': 2.249770965619274e-08, 'energy': 2.782252264898121e-07, 'energy_effective_volume': 1.461175707530963e-06, 'enstrophy_effective_volume': 1.9336588917575954e-06}, 'leading-only same-axis': {'L2': 0.04511377600412405, 'max': 40.56821402905335, 'energy': 2.6929551339732345e-07, 'energy_effective_volume': 1.4649337236092242e-06, 'enstrophy_effective_volume': 1.9355788875972966e-06}}
V PHYS 3 12 {'id': 'ST073-V', 'k': 3, 'quadrature_order': 12, 'points': 144, 'volume': 1.992488082162637e-06, 'scope': 'Same local physical region and same axis traces; no global energy normalization', 'full': {'L2': 6.303929223372251e-12, 'max': 2.3786610873470584e-08, 'energy': 2.7822523404193596e-07, 'energy_effective_volume': 1.461175771880064e-06, 'enstrophy_effective_volume': 1.9336588924225676e-06}, 'leading-only same-axis': {'L2': 0.04511377600175374, 'max': 40.85901904794139, 'energy': 2.6929552104370496e-07, 'energy_effective_volume': 1.4649337900803151e-06, 'enstrophy_effective_volume': 1.9355788883296964e-06}}
V PHYS 3 18 {'id': 'ST073-V', 'k': 3, 'quadrature_order': 18, 'points': 324, 'volume': 1.9924880821647366e-06, 'scope': 'Same local physical region and same axis traces; no global energy normalization', 'full': {'L2': 6.260594088097121e-12, 'max': 2.4196485689255594e-08, 'energy': 2.782252340421819e-07, 'energy_effective_volume': 1.4611757718823442e-06, 'enstrophy_effective_volume': 1.9336588924225807e-06}, 'leading-only same-axis': {'L2': 0.04511377600175367, 'max': 40.91007443266628, 'energy': 2.6929552104395446e-07, 'energy_effective_volume': 1.4649337900826904e-06, 'enstrophy_effective_volume': 1.9355788883297103e-06}}
V PHYS 6 8 {'id': 'ST073-V', 'k': 6, 'quadrature_order': 8, 'points': 64, 'volume': 8.897667899487638e-08, 'scope': 'Same local physical region and same axis traces; no global energy normalization', 'full': {'L2': 3.3678661902726756e-11, 'max': 4.442495330165933e-07, 'energy': 1.0136757707695975e-07, 'energy_effective_volume': 6.52285260570501e-08, 'enstrophy_effective_volume': 8.635149488008111e-08}, 'leading-only same-axis': {'L2': 0.213532409323439, 'max': 908.6019029871268, 'energy': 9.818000114464426e-08, 'energy_effective_volume': 6.539233430978418e-08, 'enstrophy_effective_volume': 8.643449960061955e-08}}
V PHYS 6 12 {'id': 'ST073-V', 'k': 6, 'quadrature_order': 12, 'points': 144, 'volume': 8.897668102857428e-08, 'scope': 'Same local physical region and same axis traces; no global energy normalization', 'full': {'L2': 2.637262355792755e-11, 'max': 4.70140978780093e-07, 'energy': 1.0136757983215297e-07, 'energy_effective_volume': 6.522852893268384e-08, 'enstrophy_effective_volume': 8.635149490983971e-08}, 'leading-only same-axis': {'L2': 0.2135324093122308, 'max': 915.1507586623837, 'energy': 9.818000393351478e-08, 'energy_effective_volume': 6.539233727820613e-08, 'enstrophy_effective_volume': 8.643449963331836e-08}}
V PHYS 6 18 {'id': 'ST073-V', 'k': 6, 'quadrature_order': 18, 'points': 324, 'volume': 8.897668102866801e-08, 'scope': 'Same local physical region and same axis traces; no global energy normalization', 'full': {'L2': 2.6189323818778844e-11, 'max': 4.793330535098726e-07, 'energy': 1.0136757983224271e-07, 'energy_effective_volume': 6.522852893278577e-08, 'enstrophy_effective_volume': 8.635149490984032e-08}, 'leading-only same-axis': {'L2': 0.21353240931223047, 'max': 916.3925677280796, 'energy': 9.818000393360576e-08, 'energy_effective_volume': 6.539233727831221e-08, 'enstrophy_effective_volume': 8.643449963331899e-08}}
V FD 0.4 space 0.004 5.226234935054332e-09
V FD 0.4 space 0.002 2.8423144582538127e-10
V FD 0.4 space 0.001 2.5713855972904877e-10
V FD 0.4 time 0.004 6.077131397525762e-10
V FD 0.4 time 0.002 2.771066580968892e-10
V FD 0.4 time 0.001 2.582405421717509e-10
V FD 2.7 space 0.004 5.622674520998642e-08
V FD 2.7 space 0.002 3.339545580898001e-09
V FD 2.7 space 0.001 3.2949373794545787e-09
V FD 2.7 time 0.004 6.675572021029929e-09
V FD 2.7 time 0.002 3.131756462029025e-09
V FD 2.7 time 0.001 3.2832056688841096e-09
V FD 5.5 space 0.004 1.01856974604434e-06
V FD 5.5 space 0.002 7.95892964447961e-08
V FD 5.5 space 0.001 1.1057798337844885e-07
V FD 5.5 time 0.004 1.2973866657310104e-07
V FD 5.5 time 0.002 1.1049617291859048e-07
V FD 5.5 time 0.001 1.1055877068849876e-07
V AUDITS FINISHED
